Archive member included to satisfy reference by file (symbol)

/home/atlas/Toolchains/gcc-arm-none-eabi-6-2017-q2-update/bin/../lib/gcc/arm-none-eabi/6.3.1/thumb/v6-m/libgcc.a(_udivsi3.o)
                              /tmp/ccyp2mu1.o (__aeabi_uidiv)
/home/atlas/Toolchains/gcc-arm-none-eabi-6-2017-q2-update/bin/../lib/gcc/arm-none-eabi/6.3.1/thumb/v6-m/libgcc.a(_dvmd_tls.o)
                              /home/atlas/Toolchains/gcc-arm-none-eabi-6-2017-q2-update/bin/../lib/gcc/arm-none-eabi/6.3.1/thumb/v6-m/libgcc.a(_udivsi3.o) (__aeabi_idiv0)
/home/atlas/Toolchains/gcc-arm-none-eabi-6-2017-q2-update/bin/../lib/gcc/arm-none-eabi/6.3.1/../../../../arm-none-eabi/lib/thumb/v6-m/libg.a(lib_a-exit.o)
                              /home/atlas/Toolchains/gcc-arm-none-eabi-6-2017-q2-update/bin/../lib/gcc/arm-none-eabi/6.3.1/../../../../arm-none-eabi/lib/thumb/v6-m/crt0.o (exit)
/home/atlas/Toolchains/gcc-arm-none-eabi-6-2017-q2-update/bin/../lib/gcc/arm-none-eabi/6.3.1/../../../../arm-none-eabi/lib/thumb/v6-m/libg.a(lib_a-impure.o)
                              /home/atlas/Toolchains/gcc-arm-none-eabi-6-2017-q2-update/bin/../lib/gcc/arm-none-eabi/6.3.1/../../../../arm-none-eabi/lib/thumb/v6-m/libg.a(lib_a-exit.o) (_global_impure_ptr)
/home/atlas/Toolchains/gcc-arm-none-eabi-6-2017-q2-update/bin/../lib/gcc/arm-none-eabi/6.3.1/../../../../arm-none-eabi/lib/thumb/v6-m/libg.a(lib_a-init.o)
                              /home/atlas/Toolchains/gcc-arm-none-eabi-6-2017-q2-update/bin/../lib/gcc/arm-none-eabi/6.3.1/../../../../arm-none-eabi/lib/thumb/v6-m/crt0.o (__libc_init_array)
/home/atlas/Toolchains/gcc-arm-none-eabi-6-2017-q2-update/bin/../lib/gcc/arm-none-eabi/6.3.1/../../../../arm-none-eabi/lib/thumb/v6-m/libg.a(lib_a-memset.o)
                              /home/atlas/Toolchains/gcc-arm-none-eabi-6-2017-q2-update/bin/../lib/gcc/arm-none-eabi/6.3.1/../../../../arm-none-eabi/lib/thumb/v6-m/crt0.o (memset)
/home/atlas/Toolchains/gcc-arm-none-eabi-6-2017-q2-update/bin/../lib/gcc/arm-none-eabi/6.3.1/../../../../arm-none-eabi/lib/thumb/v6-m/libg.a(lib_a-__call_atexit.o)
                              /home/atlas/Toolchains/gcc-arm-none-eabi-6-2017-q2-update/bin/../lib/gcc/arm-none-eabi/6.3.1/../../../../arm-none-eabi/lib/thumb/v6-m/libg.a(lib_a-exit.o) (__call_exitprocs)
/home/atlas/Toolchains/gcc-arm-none-eabi-6-2017-q2-update/bin/../lib/gcc/arm-none-eabi/6.3.1/../../../../arm-none-eabi/lib/thumb/v6-m/libg.a(lib_a-atexit.o)
                              /home/atlas/Toolchains/gcc-arm-none-eabi-6-2017-q2-update/bin/../lib/gcc/arm-none-eabi/6.3.1/../../../../arm-none-eabi/lib/thumb/v6-m/libg.a(lib_a-__call_atexit.o) (atexit)
/home/atlas/Toolchains/gcc-arm-none-eabi-6-2017-q2-update/bin/../lib/gcc/arm-none-eabi/6.3.1/../../../../arm-none-eabi/lib/thumb/v6-m/libg.a(lib_a-fini.o)
                              /home/atlas/Toolchains/gcc-arm-none-eabi-6-2017-q2-update/bin/../lib/gcc/arm-none-eabi/6.3.1/../../../../arm-none-eabi/lib/thumb/v6-m/libg.a(lib_a-__call_atexit.o) (__libc_fini_array)
/home/atlas/Toolchains/gcc-arm-none-eabi-6-2017-q2-update/bin/../lib/gcc/arm-none-eabi/6.3.1/../../../../arm-none-eabi/lib/thumb/v6-m/libg.a(lib_a-lock.o)
                              /home/atlas/Toolchains/gcc-arm-none-eabi-6-2017-q2-update/bin/../lib/gcc/arm-none-eabi/6.3.1/../../../../arm-none-eabi/lib/thumb/v6-m/libg.a(lib_a-__call_atexit.o) (__retarget_lock_acquire_recursive)
/home/atlas/Toolchains/gcc-arm-none-eabi-6-2017-q2-update/bin/../lib/gcc/arm-none-eabi/6.3.1/../../../../arm-none-eabi/lib/thumb/v6-m/libg.a(lib_a-__atexit.o)
                              /home/atlas/Toolchains/gcc-arm-none-eabi-6-2017-q2-update/bin/../lib/gcc/arm-none-eabi/6.3.1/../../../../arm-none-eabi/lib/thumb/v6-m/libg.a(lib_a-atexit.o) (__register_exitproc)

Allocating common symbols
Common symbol       size              file

__lock___atexit_recursive_mutex
                    0x1               /home/atlas/Toolchains/gcc-arm-none-eabi-6-2017-q2-update/bin/../lib/gcc/arm-none-eabi/6.3.1/../../../../arm-none-eabi/lib/thumb/v6-m/libg.a(lib_a-lock.o)
__lock___arc4random_mutex
                    0x1               /home/atlas/Toolchains/gcc-arm-none-eabi-6-2017-q2-update/bin/../lib/gcc/arm-none-eabi/6.3.1/../../../../arm-none-eabi/lib/thumb/v6-m/libg.a(lib_a-lock.o)
__lock___env_recursive_mutex
                    0x1               /home/atlas/Toolchains/gcc-arm-none-eabi-6-2017-q2-update/bin/../lib/gcc/arm-none-eabi/6.3.1/../../../../arm-none-eabi/lib/thumb/v6-m/libg.a(lib_a-lock.o)
__lock___sinit_recursive_mutex
                    0x1               /home/atlas/Toolchains/gcc-arm-none-eabi-6-2017-q2-update/bin/../lib/gcc/arm-none-eabi/6.3.1/../../../../arm-none-eabi/lib/thumb/v6-m/libg.a(lib_a-lock.o)
__lock___malloc_recursive_mutex
                    0x1               /home/atlas/Toolchains/gcc-arm-none-eabi-6-2017-q2-update/bin/../lib/gcc/arm-none-eabi/6.3.1/../../../../arm-none-eabi/lib/thumb/v6-m/libg.a(lib_a-lock.o)
__lock___at_quick_exit_mutex
                    0x1               /home/atlas/Toolchains/gcc-arm-none-eabi-6-2017-q2-update/bin/../lib/gcc/arm-none-eabi/6.3.1/../../../../arm-none-eabi/lib/thumb/v6-m/libg.a(lib_a-lock.o)
__lock___dd_hash_mutex
                    0x1               /home/atlas/Toolchains/gcc-arm-none-eabi-6-2017-q2-update/bin/../lib/gcc/arm-none-eabi/6.3.1/../../../../arm-none-eabi/lib/thumb/v6-m/libg.a(lib_a-lock.o)
__lock___tz_mutex   0x1               /home/atlas/Toolchains/gcc-arm-none-eabi-6-2017-q2-update/bin/../lib/gcc/arm-none-eabi/6.3.1/../../../../arm-none-eabi/lib/thumb/v6-m/libg.a(lib_a-lock.o)
__lock___sfp_recursive_mutex
                    0x1               /home/atlas/Toolchains/gcc-arm-none-eabi-6-2017-q2-update/bin/../lib/gcc/arm-none-eabi/6.3.1/../../../../arm-none-eabi/lib/thumb/v6-m/libg.a(lib_a-lock.o)

Discarded input sections

 .text          0x0000000000000000        0x0 /home/atlas/Toolchains/gcc-arm-none-eabi-6-2017-q2-update/bin/../lib/gcc/arm-none-eabi/6.3.1/thumb/v6-m/crti.o
 .data          0x0000000000000000        0x0 /home/atlas/Toolchains/gcc-arm-none-eabi-6-2017-q2-update/bin/../lib/gcc/arm-none-eabi/6.3.1/thumb/v6-m/crti.o
 .bss           0x0000000000000000        0x0 /home/atlas/Toolchains/gcc-arm-none-eabi-6-2017-q2-update/bin/../lib/gcc/arm-none-eabi/6.3.1/thumb/v6-m/crti.o
 .text          0x0000000000000000       0x60 /home/atlas/Toolchains/gcc-arm-none-eabi-6-2017-q2-update/bin/../lib/gcc/arm-none-eabi/6.3.1/thumb/v6-m/crtbegin.o
 .data          0x0000000000000000        0x4 /home/atlas/Toolchains/gcc-arm-none-eabi-6-2017-q2-update/bin/../lib/gcc/arm-none-eabi/6.3.1/thumb/v6-m/crtbegin.o
 .bss           0x0000000000000000       0x1c /home/atlas/Toolchains/gcc-arm-none-eabi-6-2017-q2-update/bin/../lib/gcc/arm-none-eabi/6.3.1/thumb/v6-m/crtbegin.o
 .init_array    0x0000000000000000        0x4 /home/atlas/Toolchains/gcc-arm-none-eabi-6-2017-q2-update/bin/../lib/gcc/arm-none-eabi/6.3.1/thumb/v6-m/crtbegin.o
 .fini_array    0x0000000000000000        0x4 /home/atlas/Toolchains/gcc-arm-none-eabi-6-2017-q2-update/bin/../lib/gcc/arm-none-eabi/6.3.1/thumb/v6-m/crtbegin.o
 .eh_frame      0x0000000000000000        0x0 /home/atlas/Toolchains/gcc-arm-none-eabi-6-2017-q2-update/bin/../lib/gcc/arm-none-eabi/6.3.1/thumb/v6-m/crtbegin.o
 .jcr           0x0000000000000000        0x0 /home/atlas/Toolchains/gcc-arm-none-eabi-6-2017-q2-update/bin/../lib/gcc/arm-none-eabi/6.3.1/thumb/v6-m/crtbegin.o
 .ARM.attributes
                0x0000000000000000       0x2c /home/atlas/Toolchains/gcc-arm-none-eabi-6-2017-q2-update/bin/../lib/gcc/arm-none-eabi/6.3.1/thumb/v6-m/crtbegin.o
 .text          0x0000000000000000       0x78 /home/atlas/Toolchains/gcc-arm-none-eabi-6-2017-q2-update/bin/../lib/gcc/arm-none-eabi/6.3.1/../../../../arm-none-eabi/lib/thumb/v6-m/crt0.o
 .data          0x0000000000000000        0x0 /home/atlas/Toolchains/gcc-arm-none-eabi-6-2017-q2-update/bin/../lib/gcc/arm-none-eabi/6.3.1/../../../../arm-none-eabi/lib/thumb/v6-m/crt0.o
 .bss           0x0000000000000000        0x0 /home/atlas/Toolchains/gcc-arm-none-eabi-6-2017-q2-update/bin/../lib/gcc/arm-none-eabi/6.3.1/../../../../arm-none-eabi/lib/thumb/v6-m/crt0.o
 .ARM.extab     0x0000000000000000        0x0 /home/atlas/Toolchains/gcc-arm-none-eabi-6-2017-q2-update/bin/../lib/gcc/arm-none-eabi/6.3.1/../../../../arm-none-eabi/lib/thumb/v6-m/crt0.o
 .ARM.exidx     0x0000000000000000        0x8 /home/atlas/Toolchains/gcc-arm-none-eabi-6-2017-q2-update/bin/../lib/gcc/arm-none-eabi/6.3.1/../../../../arm-none-eabi/lib/thumb/v6-m/crt0.o
 .ARM.attributes
                0x0000000000000000       0x1b /home/atlas/Toolchains/gcc-arm-none-eabi-6-2017-q2-update/bin/../lib/gcc/arm-none-eabi/6.3.1/../../../../arm-none-eabi/lib/thumb/v6-m/crt0.o
 .text          0x0000000000000000        0x0 /tmp/ccyp2mu1.o
 .data          0x0000000000000000        0x0 /tmp/ccyp2mu1.o
 .bss           0x0000000000000000        0x0 /tmp/ccyp2mu1.o
 .text          0x0000000000000000        0x0 /tmp/cchRsnYc.o
 .data          0x0000000000000000        0x0 /tmp/cchRsnYc.o
 .bss           0x0000000000000000        0x0 /tmp/cchRsnYc.o
 .text.SystemCoreClockUpdate
                0x0000000000000000       0x64 /tmp/cchRsnYc.o
 .data.AHBPrescTable
                0x0000000000000000       0x10 /tmp/cchRsnYc.o
 .text          0x0000000000000000       0x14 /tmp/ccTTk8so.o
 .data          0x0000000000000000        0x0 /tmp/ccTTk8so.o
 .bss           0x0000000000000000        0x0 /tmp/ccTTk8so.o
 .data          0x0000000000000000        0x0 /home/atlas/Toolchains/gcc-arm-none-eabi-6-2017-q2-update/bin/../lib/gcc/arm-none-eabi/6.3.1/thumb/v6-m/libgcc.a(_udivsi3.o)
 .bss           0x0000000000000000        0x0 /home/atlas/Toolchains/gcc-arm-none-eabi-6-2017-q2-update/bin/../lib/gcc/arm-none-eabi/6.3.1/thumb/v6-m/libgcc.a(_udivsi3.o)
 .data          0x0000000000000000        0x0 /home/atlas/Toolchains/gcc-arm-none-eabi-6-2017-q2-update/bin/../lib/gcc/arm-none-eabi/6.3.1/thumb/v6-m/libgcc.a(_dvmd_tls.o)
 .bss           0x0000000000000000        0x0 /home/atlas/Toolchains/gcc-arm-none-eabi-6-2017-q2-update/bin/../lib/gcc/arm-none-eabi/6.3.1/thumb/v6-m/libgcc.a(_dvmd_tls.o)
 .text          0x0000000000000000        0x0 /home/atlas/Toolchains/gcc-arm-none-eabi-6-2017-q2-update/bin/../lib/gcc/arm-none-eabi/6.3.1/../../../../arm-none-eabi/lib/thumb/v6-m/libg.a(lib_a-exit.o)
 .data          0x0000000000000000        0x0 /home/atlas/Toolchains/gcc-arm-none-eabi-6-2017-q2-update/bin/../lib/gcc/arm-none-eabi/6.3.1/../../../../arm-none-eabi/lib/thumb/v6-m/libg.a(lib_a-exit.o)
 .bss           0x0000000000000000        0x0 /home/atlas/Toolchains/gcc-arm-none-eabi-6-2017-q2-update/bin/../lib/gcc/arm-none-eabi/6.3.1/../../../../arm-none-eabi/lib/thumb/v6-m/libg.a(lib_a-exit.o)
 .text.exit     0x0000000000000000       0x20 /home/atlas/Toolchains/gcc-arm-none-eabi-6-2017-q2-update/bin/../lib/gcc/arm-none-eabi/6.3.1/../../../../arm-none-eabi/lib/thumb/v6-m/libg.a(lib_a-exit.o)
 .debug_frame   0x0000000000000000       0x28 /home/atlas/Toolchains/gcc-arm-none-eabi-6-2017-q2-update/bin/../lib/gcc/arm-none-eabi/6.3.1/../../../../arm-none-eabi/lib/thumb/v6-m/libg.a(lib_a-exit.o)
 .ARM.attributes
                0x0000000000000000       0x2c /home/atlas/Toolchains/gcc-arm-none-eabi-6-2017-q2-update/bin/../lib/gcc/arm-none-eabi/6.3.1/../../../../arm-none-eabi/lib/thumb/v6-m/libg.a(lib_a-exit.o)
 .text          0x0000000000000000        0x0 /home/atlas/Toolchains/gcc-arm-none-eabi-6-2017-q2-update/bin/../lib/gcc/arm-none-eabi/6.3.1/../../../../arm-none-eabi/lib/thumb/v6-m/libg.a(lib_a-impure.o)
 .data          0x0000000000000000        0x0 /home/atlas/Toolchains/gcc-arm-none-eabi-6-2017-q2-update/bin/../lib/gcc/arm-none-eabi/6.3.1/../../../../arm-none-eabi/lib/thumb/v6-m/libg.a(lib_a-impure.o)
 .bss           0x0000000000000000        0x0 /home/atlas/Toolchains/gcc-arm-none-eabi-6-2017-q2-update/bin/../lib/gcc/arm-none-eabi/6.3.1/../../../../arm-none-eabi/lib/thumb/v6-m/libg.a(lib_a-impure.o)
 .data._impure_ptr
                0x0000000000000000        0x4 /home/atlas/Toolchains/gcc-arm-none-eabi-6-2017-q2-update/bin/../lib/gcc/arm-none-eabi/6.3.1/../../../../arm-none-eabi/lib/thumb/v6-m/libg.a(lib_a-impure.o)
 .data.impure_data
                0x0000000000000000      0x428 /home/atlas/Toolchains/gcc-arm-none-eabi-6-2017-q2-update/bin/../lib/gcc/arm-none-eabi/6.3.1/../../../../arm-none-eabi/lib/thumb/v6-m/libg.a(lib_a-impure.o)
 .rodata._global_impure_ptr
                0x0000000000000000        0x4 /home/atlas/Toolchains/gcc-arm-none-eabi-6-2017-q2-update/bin/../lib/gcc/arm-none-eabi/6.3.1/../../../../arm-none-eabi/lib/thumb/v6-m/libg.a(lib_a-impure.o)
 .ARM.attributes
                0x0000000000000000       0x2c /home/atlas/Toolchains/gcc-arm-none-eabi-6-2017-q2-update/bin/../lib/gcc/arm-none-eabi/6.3.1/../../../../arm-none-eabi/lib/thumb/v6-m/libg.a(lib_a-impure.o)
 .text          0x0000000000000000        0x0 /home/atlas/Toolchains/gcc-arm-none-eabi-6-2017-q2-update/bin/../lib/gcc/arm-none-eabi/6.3.1/../../../../arm-none-eabi/lib/thumb/v6-m/libg.a(lib_a-init.o)
 .data          0x0000000000000000        0x0 /home/atlas/Toolchains/gcc-arm-none-eabi-6-2017-q2-update/bin/../lib/gcc/arm-none-eabi/6.3.1/../../../../arm-none-eabi/lib/thumb/v6-m/libg.a(lib_a-init.o)
 .bss           0x0000000000000000        0x0 /home/atlas/Toolchains/gcc-arm-none-eabi-6-2017-q2-update/bin/../lib/gcc/arm-none-eabi/6.3.1/../../../../arm-none-eabi/lib/thumb/v6-m/libg.a(lib_a-init.o)
 .text          0x0000000000000000        0x0 /home/atlas/Toolchains/gcc-arm-none-eabi-6-2017-q2-update/bin/../lib/gcc/arm-none-eabi/6.3.1/../../../../arm-none-eabi/lib/thumb/v6-m/libg.a(lib_a-memset.o)
 .data          0x0000000000000000        0x0 /home/atlas/Toolchains/gcc-arm-none-eabi-6-2017-q2-update/bin/../lib/gcc/arm-none-eabi/6.3.1/../../../../arm-none-eabi/lib/thumb/v6-m/libg.a(lib_a-memset.o)
 .bss           0x0000000000000000        0x0 /home/atlas/Toolchains/gcc-arm-none-eabi-6-2017-q2-update/bin/../lib/gcc/arm-none-eabi/6.3.1/../../../../arm-none-eabi/lib/thumb/v6-m/libg.a(lib_a-memset.o)
 .text.memset   0x0000000000000000       0x94 /home/atlas/Toolchains/gcc-arm-none-eabi-6-2017-q2-update/bin/../lib/gcc/arm-none-eabi/6.3.1/../../../../arm-none-eabi/lib/thumb/v6-m/libg.a(lib_a-memset.o)
 .debug_frame   0x0000000000000000       0x30 /home/atlas/Toolchains/gcc-arm-none-eabi-6-2017-q2-update/bin/../lib/gcc/arm-none-eabi/6.3.1/../../../../arm-none-eabi/lib/thumb/v6-m/libg.a(lib_a-memset.o)
 .ARM.attributes
                0x0000000000000000       0x2c /home/atlas/Toolchains/gcc-arm-none-eabi-6-2017-q2-update/bin/../lib/gcc/arm-none-eabi/6.3.1/../../../../arm-none-eabi/lib/thumb/v6-m/libg.a(lib_a-memset.o)
 .text          0x0000000000000000        0x0 /home/atlas/Toolchains/gcc-arm-none-eabi-6-2017-q2-update/bin/../lib/gcc/arm-none-eabi/6.3.1/../../../../arm-none-eabi/lib/thumb/v6-m/libg.a(lib_a-__call_atexit.o)
 .data          0x0000000000000000        0x0 /home/atlas/Toolchains/gcc-arm-none-eabi-6-2017-q2-update/bin/../lib/gcc/arm-none-eabi/6.3.1/../../../../arm-none-eabi/lib/thumb/v6-m/libg.a(lib_a-__call_atexit.o)
 .bss           0x0000000000000000        0x0 /home/atlas/Toolchains/gcc-arm-none-eabi-6-2017-q2-update/bin/../lib/gcc/arm-none-eabi/6.3.1/../../../../arm-none-eabi/lib/thumb/v6-m/libg.a(lib_a-__call_atexit.o)
 .text.startup.register_fini
                0x0000000000000000       0x18 /home/atlas/Toolchains/gcc-arm-none-eabi-6-2017-q2-update/bin/../lib/gcc/arm-none-eabi/6.3.1/../../../../arm-none-eabi/lib/thumb/v6-m/libg.a(lib_a-__call_atexit.o)
 .init_array.00000
                0x0000000000000000        0x4 /home/atlas/Toolchains/gcc-arm-none-eabi-6-2017-q2-update/bin/../lib/gcc/arm-none-eabi/6.3.1/../../../../arm-none-eabi/lib/thumb/v6-m/libg.a(lib_a-__call_atexit.o)
 .text.__call_exitprocs
                0x0000000000000000      0x110 /home/atlas/Toolchains/gcc-arm-none-eabi-6-2017-q2-update/bin/../lib/gcc/arm-none-eabi/6.3.1/../../../../arm-none-eabi/lib/thumb/v6-m/libg.a(lib_a-__call_atexit.o)
 .data.__atexit_recursive_mutex
                0x0000000000000000        0x4 /home/atlas/Toolchains/gcc-arm-none-eabi-6-2017-q2-update/bin/../lib/gcc/arm-none-eabi/6.3.1/../../../../arm-none-eabi/lib/thumb/v6-m/libg.a(lib_a-__call_atexit.o)
 .debug_frame   0x0000000000000000       0x54 /home/atlas/Toolchains/gcc-arm-none-eabi-6-2017-q2-update/bin/../lib/gcc/arm-none-eabi/6.3.1/../../../../arm-none-eabi/lib/thumb/v6-m/libg.a(lib_a-__call_atexit.o)
 .ARM.attributes
                0x0000000000000000       0x2c /home/atlas/Toolchains/gcc-arm-none-eabi-6-2017-q2-update/bin/../lib/gcc/arm-none-eabi/6.3.1/../../../../arm-none-eabi/lib/thumb/v6-m/libg.a(lib_a-__call_atexit.o)
 .text          0x0000000000000000        0x0 /home/atlas/Toolchains/gcc-arm-none-eabi-6-2017-q2-update/bin/../lib/gcc/arm-none-eabi/6.3.1/../../../../arm-none-eabi/lib/thumb/v6-m/libg.a(lib_a-atexit.o)
 .data          0x0000000000000000        0x0 /home/atlas/Toolchains/gcc-arm-none-eabi-6-2017-q2-update/bin/../lib/gcc/arm-none-eabi/6.3.1/../../../../arm-none-eabi/lib/thumb/v6-m/libg.a(lib_a-atexit.o)
 .bss           0x0000000000000000        0x0 /home/atlas/Toolchains/gcc-arm-none-eabi-6-2017-q2-update/bin/../lib/gcc/arm-none-eabi/6.3.1/../../../../arm-none-eabi/lib/thumb/v6-m/libg.a(lib_a-atexit.o)
 .text.atexit   0x0000000000000000       0x10 /home/atlas/Toolchains/gcc-arm-none-eabi-6-2017-q2-update/bin/../lib/gcc/arm-none-eabi/6.3.1/../../../../arm-none-eabi/lib/thumb/v6-m/libg.a(lib_a-atexit.o)
 .debug_frame   0x0000000000000000       0x28 /home/atlas/Toolchains/gcc-arm-none-eabi-6-2017-q2-update/bin/../lib/gcc/arm-none-eabi/6.3.1/../../../../arm-none-eabi/lib/thumb/v6-m/libg.a(lib_a-atexit.o)
 .ARM.attributes
                0x0000000000000000       0x2c /home/atlas/Toolchains/gcc-arm-none-eabi-6-2017-q2-update/bin/../lib/gcc/arm-none-eabi/6.3.1/../../../../arm-none-eabi/lib/thumb/v6-m/libg.a(lib_a-atexit.o)
 .text          0x0000000000000000        0x0 /home/atlas/Toolchains/gcc-arm-none-eabi-6-2017-q2-update/bin/../lib/gcc/arm-none-eabi/6.3.1/../../../../arm-none-eabi/lib/thumb/v6-m/libg.a(lib_a-fini.o)
 .data          0x0000000000000000        0x0 /home/atlas/Toolchains/gcc-arm-none-eabi-6-2017-q2-update/bin/../lib/gcc/arm-none-eabi/6.3.1/../../../../arm-none-eabi/lib/thumb/v6-m/libg.a(lib_a-fini.o)
 .bss           0x0000000000000000        0x0 /home/atlas/Toolchains/gcc-arm-none-eabi-6-2017-q2-update/bin/../lib/gcc/arm-none-eabi/6.3.1/../../../../arm-none-eabi/lib/thumb/v6-m/libg.a(lib_a-fini.o)
 .text.__libc_fini_array
                0x0000000000000000       0x34 /home/atlas/Toolchains/gcc-arm-none-eabi-6-2017-q2-update/bin/../lib/gcc/arm-none-eabi/6.3.1/../../../../arm-none-eabi/lib/thumb/v6-m/libg.a(lib_a-fini.o)
 .debug_frame   0x0000000000000000       0x2c /home/atlas/Toolchains/gcc-arm-none-eabi-6-2017-q2-update/bin/../lib/gcc/arm-none-eabi/6.3.1/../../../../arm-none-eabi/lib/thumb/v6-m/libg.a(lib_a-fini.o)
 .ARM.attributes
                0x0000000000000000       0x2c /home/atlas/Toolchains/gcc-arm-none-eabi-6-2017-q2-update/bin/../lib/gcc/arm-none-eabi/6.3.1/../../../../arm-none-eabi/lib/thumb/v6-m/libg.a(lib_a-fini.o)
 .text          0x0000000000000000        0x0 /home/atlas/Toolchains/gcc-arm-none-eabi-6-2017-q2-update/bin/../lib/gcc/arm-none-eabi/6.3.1/../../../../arm-none-eabi/lib/thumb/v6-m/libg.a(lib_a-lock.o)
 .data          0x0000000000000000        0x0 /home/atlas/Toolchains/gcc-arm-none-eabi-6-2017-q2-update/bin/../lib/gcc/arm-none-eabi/6.3.1/../../../../arm-none-eabi/lib/thumb/v6-m/libg.a(lib_a-lock.o)
 .bss           0x0000000000000000        0x0 /home/atlas/Toolchains/gcc-arm-none-eabi-6-2017-q2-update/bin/../lib/gcc/arm-none-eabi/6.3.1/../../../../arm-none-eabi/lib/thumb/v6-m/libg.a(lib_a-lock.o)
 .text.__retarget_lock_init
                0x0000000000000000        0x4 /home/atlas/Toolchains/gcc-arm-none-eabi-6-2017-q2-update/bin/../lib/gcc/arm-none-eabi/6.3.1/../../../../arm-none-eabi/lib/thumb/v6-m/libg.a(lib_a-lock.o)
 .text.__retarget_lock_init_recursive
                0x0000000000000000        0x4 /home/atlas/Toolchains/gcc-arm-none-eabi-6-2017-q2-update/bin/../lib/gcc/arm-none-eabi/6.3.1/../../../../arm-none-eabi/lib/thumb/v6-m/libg.a(lib_a-lock.o)
 .text.__retarget_lock_close
                0x0000000000000000        0x4 /home/atlas/Toolchains/gcc-arm-none-eabi-6-2017-q2-update/bin/../lib/gcc/arm-none-eabi/6.3.1/../../../../arm-none-eabi/lib/thumb/v6-m/libg.a(lib_a-lock.o)
 .text.__retarget_lock_close_recursive
                0x0000000000000000        0x4 /home/atlas/Toolchains/gcc-arm-none-eabi-6-2017-q2-update/bin/../lib/gcc/arm-none-eabi/6.3.1/../../../../arm-none-eabi/lib/thumb/v6-m/libg.a(lib_a-lock.o)
 .text.__retarget_lock_acquire
                0x0000000000000000        0x4 /home/atlas/Toolchains/gcc-arm-none-eabi-6-2017-q2-update/bin/../lib/gcc/arm-none-eabi/6.3.1/../../../../arm-none-eabi/lib/thumb/v6-m/libg.a(lib_a-lock.o)
 .text.__retarget_lock_acquire_recursive
                0x0000000000000000        0x4 /home/atlas/Toolchains/gcc-arm-none-eabi-6-2017-q2-update/bin/../lib/gcc/arm-none-eabi/6.3.1/../../../../arm-none-eabi/lib/thumb/v6-m/libg.a(lib_a-lock.o)
 .text.__retarget_lock_try_acquire
                0x0000000000000000        0x4 /home/atlas/Toolchains/gcc-arm-none-eabi-6-2017-q2-update/bin/../lib/gcc/arm-none-eabi/6.3.1/../../../../arm-none-eabi/lib/thumb/v6-m/libg.a(lib_a-lock.o)
 .text.__retarget_lock_try_acquire_recursive
                0x0000000000000000        0x4 /home/atlas/Toolchains/gcc-arm-none-eabi-6-2017-q2-update/bin/../lib/gcc/arm-none-eabi/6.3.1/../../../../arm-none-eabi/lib/thumb/v6-m/libg.a(lib_a-lock.o)
 .text.__retarget_lock_release
                0x0000000000000000        0x4 /home/atlas/Toolchains/gcc-arm-none-eabi-6-2017-q2-update/bin/../lib/gcc/arm-none-eabi/6.3.1/../../../../arm-none-eabi/lib/thumb/v6-m/libg.a(lib_a-lock.o)
 .text.__retarget_lock_release_recursive
                0x0000000000000000        0x4 /home/atlas/Toolchains/gcc-arm-none-eabi-6-2017-q2-update/bin/../lib/gcc/arm-none-eabi/6.3.1/../../../../arm-none-eabi/lib/thumb/v6-m/libg.a(lib_a-lock.o)
 .debug_frame   0x0000000000000000       0xb0 /home/atlas/Toolchains/gcc-arm-none-eabi-6-2017-q2-update/bin/../lib/gcc/arm-none-eabi/6.3.1/../../../../arm-none-eabi/lib/thumb/v6-m/libg.a(lib_a-lock.o)
 .ARM.attributes
                0x0000000000000000       0x2c /home/atlas/Toolchains/gcc-arm-none-eabi-6-2017-q2-update/bin/../lib/gcc/arm-none-eabi/6.3.1/../../../../arm-none-eabi/lib/thumb/v6-m/libg.a(lib_a-lock.o)
 COMMON         0x0000000000000000       0x21 /home/atlas/Toolchains/gcc-arm-none-eabi-6-2017-q2-update/bin/../lib/gcc/arm-none-eabi/6.3.1/../../../../arm-none-eabi/lib/thumb/v6-m/libg.a(lib_a-lock.o)
 .text          0x0000000000000000        0x0 /home/atlas/Toolchains/gcc-arm-none-eabi-6-2017-q2-update/bin/../lib/gcc/arm-none-eabi/6.3.1/../../../../arm-none-eabi/lib/thumb/v6-m/libg.a(lib_a-__atexit.o)
 .data          0x0000000000000000        0x0 /home/atlas/Toolchains/gcc-arm-none-eabi-6-2017-q2-update/bin/../lib/gcc/arm-none-eabi/6.3.1/../../../../arm-none-eabi/lib/thumb/v6-m/libg.a(lib_a-__atexit.o)
 .bss           0x0000000000000000        0x0 /home/atlas/Toolchains/gcc-arm-none-eabi-6-2017-q2-update/bin/../lib/gcc/arm-none-eabi/6.3.1/../../../../arm-none-eabi/lib/thumb/v6-m/libg.a(lib_a-__atexit.o)
 .text.__register_exitproc
                0x0000000000000000       0xf4 /home/atlas/Toolchains/gcc-arm-none-eabi-6-2017-q2-update/bin/../lib/gcc/arm-none-eabi/6.3.1/../../../../arm-none-eabi/lib/thumb/v6-m/libg.a(lib_a-__atexit.o)
 .debug_frame   0x0000000000000000       0x3c /home/atlas/Toolchains/gcc-arm-none-eabi-6-2017-q2-update/bin/../lib/gcc/arm-none-eabi/6.3.1/../../../../arm-none-eabi/lib/thumb/v6-m/libg.a(lib_a-__atexit.o)
 .ARM.attributes
                0x0000000000000000       0x2c /home/atlas/Toolchains/gcc-arm-none-eabi-6-2017-q2-update/bin/../lib/gcc/arm-none-eabi/6.3.1/../../../../arm-none-eabi/lib/thumb/v6-m/libg.a(lib_a-__atexit.o)
 .text          0x0000000000000000        0x0 /home/atlas/Toolchains/gcc-arm-none-eabi-6-2017-q2-update/bin/../lib/gcc/arm-none-eabi/6.3.1/thumb/v6-m/crtend.o
 .data          0x0000000000000000        0x0 /home/atlas/Toolchains/gcc-arm-none-eabi-6-2017-q2-update/bin/../lib/gcc/arm-none-eabi/6.3.1/thumb/v6-m/crtend.o
 .bss           0x0000000000000000        0x0 /home/atlas/Toolchains/gcc-arm-none-eabi-6-2017-q2-update/bin/../lib/gcc/arm-none-eabi/6.3.1/thumb/v6-m/crtend.o
 .eh_frame      0x0000000000000000        0x4 /home/atlas/Toolchains/gcc-arm-none-eabi-6-2017-q2-update/bin/../lib/gcc/arm-none-eabi/6.3.1/thumb/v6-m/crtend.o
 .jcr           0x0000000000000000        0x4 /home/atlas/Toolchains/gcc-arm-none-eabi-6-2017-q2-update/bin/../lib/gcc/arm-none-eabi/6.3.1/thumb/v6-m/crtend.o
 .ARM.attributes
                0x0000000000000000       0x2c /home/atlas/Toolchains/gcc-arm-none-eabi-6-2017-q2-update/bin/../lib/gcc/arm-none-eabi/6.3.1/thumb/v6-m/crtend.o
 .text          0x0000000000000000        0x0 /home/atlas/Toolchains/gcc-arm-none-eabi-6-2017-q2-update/bin/../lib/gcc/arm-none-eabi/6.3.1/thumb/v6-m/crtn.o
 .data          0x0000000000000000        0x0 /home/atlas/Toolchains/gcc-arm-none-eabi-6-2017-q2-update/bin/../lib/gcc/arm-none-eabi/6.3.1/thumb/v6-m/crtn.o
 .bss           0x0000000000000000        0x0 /home/atlas/Toolchains/gcc-arm-none-eabi-6-2017-q2-update/bin/../lib/gcc/arm-none-eabi/6.3.1/thumb/v6-m/crtn.o

Memory Configuration

Name             Origin             Length             Attributes
FLASH            0x0000000008000000 0x0000000000010000 xr
RAM              0x0000000020000000 0x0000000000002000 xrw
*default*        0x0000000000000000 0xffffffffffffffff

Linker script and memory map

LOAD /home/atlas/Toolchains/gcc-arm-none-eabi-6-2017-q2-update/bin/../lib/gcc/arm-none-eabi/6.3.1/thumb/v6-m/crti.o
LOAD /home/atlas/Toolchains/gcc-arm-none-eabi-6-2017-q2-update/bin/../lib/gcc/arm-none-eabi/6.3.1/thumb/v6-m/crtbegin.o
LOAD /home/atlas/Toolchains/gcc-arm-none-eabi-6-2017-q2-update/bin/../lib/gcc/arm-none-eabi/6.3.1/../../../../arm-none-eabi/lib/thumb/v6-m/crt0.o
LOAD /tmp/ccyp2mu1.o
LOAD /tmp/cchRsnYc.o
LOAD /tmp/ccTTk8so.o
LOAD Libraries/libstm32f0.a
START GROUP
LOAD /home/atlas/Toolchains/gcc-arm-none-eabi-6-2017-q2-update/bin/../lib/gcc/arm-none-eabi/6.3.1/thumb/v6-m/libgcc.a
LOAD /home/atlas/Toolchains/gcc-arm-none-eabi-6-2017-q2-update/bin/../lib/gcc/arm-none-eabi/6.3.1/../../../../arm-none-eabi/lib/thumb/v6-m/libg.a
LOAD /home/atlas/Toolchains/gcc-arm-none-eabi-6-2017-q2-update/bin/../lib/gcc/arm-none-eabi/6.3.1/../../../../arm-none-eabi/lib/thumb/v6-m/libc.a
END GROUP
LOAD /home/atlas/Toolchains/gcc-arm-none-eabi-6-2017-q2-update/bin/../lib/gcc/arm-none-eabi/6.3.1/thumb/v6-m/crtend.o
LOAD /home/atlas/Toolchains/gcc-arm-none-eabi-6-2017-q2-update/bin/../lib/gcc/arm-none-eabi/6.3.1/thumb/v6-m/crtn.o
                0x0000000020002000                _estack = 0x20002000

.isr_vector     0x0000000008000000       0xc4
                0x0000000008000000                . = ALIGN (0x4)
 *(.isr_vector)
 .isr_vector    0x0000000008000000       0xc4 /tmp/ccTTk8so.o
                0x0000000008000000                g_pfnVectors
                0x00000000080000c4                . = ALIGN (0x4)

.text           0x00000000080000c4      0x308
                0x00000000080000c4                . = ALIGN (0x4)
 *(.text)
 .text          0x00000000080000c4      0x114 /home/atlas/Toolchains/gcc-arm-none-eabi-6-2017-q2-update/bin/../lib/gcc/arm-none-eabi/6.3.1/thumb/v6-m/libgcc.a(_udivsi3.o)
                0x00000000080000c4                __udivsi3
                0x00000000080000c4                __aeabi_uidiv
                0x00000000080001d0                __aeabi_uidivmod
 .text          0x00000000080001d8        0x4 /home/atlas/Toolchains/gcc-arm-none-eabi-6-2017-q2-update/bin/../lib/gcc/arm-none-eabi/6.3.1/thumb/v6-m/libgcc.a(_dvmd_tls.o)
                0x00000000080001d8                __aeabi_ldiv0
                0x00000000080001d8                __aeabi_idiv0
 *(.text.*)
 .text.SysTick_Handler
                0x00000000080001dc       0x28 /tmp/ccyp2mu1.o
                0x00000000080001dc                SysTick_Handler
 .text.startup.main
                0x0000000008000204       0x60 /tmp/ccyp2mu1.o
                0x0000000008000204                main
 .text.SystemInit
                0x0000000008000264       0xb4 /tmp/cchRsnYc.o
                0x0000000008000264                SystemInit
 .text.Reset_Handler
                0x0000000008000318       0x50 /tmp/ccTTk8so.o
                0x0000000008000318                Reset_Handler
 .text.Default_Handler
                0x0000000008000368        0x2 /tmp/ccTTk8so.o
                0x0000000008000368                TIM1_CC_IRQHandler
                0x0000000008000368                HardFault_Handler
                0x0000000008000368                ADC1_COMP_IRQHandler
                0x0000000008000368                PVD_IRQHandler
                0x0000000008000368                PendSV_Handler
                0x0000000008000368                NMI_Handler
                0x0000000008000368                I2C1_IRQHandler
                0x0000000008000368                SPI1_IRQHandler
                0x0000000008000368                TIM6_DAC_IRQHandler
                0x0000000008000368                EXTI2_3_IRQHandler
                0x0000000008000368                I2C2_IRQHandler
                0x0000000008000368                TIM17_IRQHandler
                0x0000000008000368                RTC_IRQHandler
                0x0000000008000368                TIM16_IRQHandler
                0x0000000008000368                TIM3_IRQHandler
                0x0000000008000368                EXTI4_15_IRQHandler
                0x0000000008000368                RCC_IRQHandler
                0x0000000008000368                DMA1_Channel1_IRQHandler
                0x0000000008000368                Default_Handler
                0x0000000008000368                CEC_IRQHandler
                0x0000000008000368                TIM14_IRQHandler
                0x0000000008000368                DMA1_Channel4_5_IRQHandler
                0x0000000008000368                TIM15_IRQHandler
                0x0000000008000368                EXTI0_1_IRQHandler
                0x0000000008000368                SPI2_IRQHandler
                0x0000000008000368                SVC_Handler
                0x0000000008000368                TS_IRQHandler
                0x0000000008000368                WWDG_IRQHandler
                0x0000000008000368                TIM2_IRQHandler
                0x0000000008000368                DMA1_Channel2_3_IRQHandler
                0x0000000008000368                USART2_IRQHandler
                0x0000000008000368                FLASH_IRQHandler
                0x0000000008000368                USART1_IRQHandler
                0x0000000008000368                TIM1_BRK_UP_TRG_COM_IRQHandler
 *fill*         0x000000000800036a        0x2 
 .text.__libc_init_array
                0x000000000800036c       0x48 /home/atlas/Toolchains/gcc-arm-none-eabi-6-2017-q2-update/bin/../lib/gcc/arm-none-eabi/6.3.1/../../../../arm-none-eabi/lib/thumb/v6-m/libg.a(lib_a-init.o)
                0x000000000800036c                __libc_init_array
 *(.rodata)
 *(.rodata*)
 *(.glue_7)
 .glue_7        0x00000000080003b4        0x0 linker stubs
 *(.glue_7t)
 .glue_7t       0x00000000080003b4        0x0 linker stubs
 *(.init)
 .init          0x00000000080003b4        0x4 /home/atlas/Toolchains/gcc-arm-none-eabi-6-2017-q2-update/bin/../lib/gcc/arm-none-eabi/6.3.1/thumb/v6-m/crti.o
                0x00000000080003b4                _init
 .init          0x00000000080003b8        0x8 /home/atlas/Toolchains/gcc-arm-none-eabi-6-2017-q2-update/bin/../lib/gcc/arm-none-eabi/6.3.1/thumb/v6-m/crtn.o
 *(.fini)
 .fini          0x00000000080003c0        0x4 /home/atlas/Toolchains/gcc-arm-none-eabi-6-2017-q2-update/bin/../lib/gcc/arm-none-eabi/6.3.1/thumb/v6-m/crti.o
                0x00000000080003c0                _fini
 .fini          0x00000000080003c4        0x8 /home/atlas/Toolchains/gcc-arm-none-eabi-6-2017-q2-update/bin/../lib/gcc/arm-none-eabi/6.3.1/thumb/v6-m/crtn.o
                0x00000000080003cc                . = ALIGN (0x4)
                0x00000000080003cc                _etext = .
                0x00000000080003cc                _sidata = _etext

.vfp11_veneer   0x00000000080003cc        0x0
 .vfp11_veneer  0x00000000080003cc        0x0 linker stubs

.v4_bx          0x00000000080003cc        0x0
 .v4_bx         0x00000000080003cc        0x0 linker stubs

.iplt           0x00000000080003cc        0x0
 .iplt          0x00000000080003cc        0x0 /home/atlas/Toolchains/gcc-arm-none-eabi-6-2017-q2-update/bin/../lib/gcc/arm-none-eabi/6.3.1/thumb/v6-m/crtbegin.o

.rel.dyn        0x00000000080003cc        0x0
 .rel.iplt      0x00000000080003cc        0x0 /home/atlas/Toolchains/gcc-arm-none-eabi-6-2017-q2-update/bin/../lib/gcc/arm-none-eabi/6.3.1/thumb/v6-m/crtbegin.o

.data           0x0000000020000000        0x4 load address 0x00000000080003cc
                0x0000000020000000                . = ALIGN (0x4)
                0x0000000020000000                _sdata = .
                0x0000000020000000                _data = .
 *(.data)
 *(.data.*)
 .data.SystemCoreClock
                0x0000000020000000        0x4 /tmp/cchRsnYc.o
                0x0000000020000000                SystemCoreClock
 *(.RAMtext)
                0x0000000020000004                . = ALIGN (0x4)
                0x0000000020000004                _edata = .

.igot.plt       0x0000000020000004        0x0 load address 0x00000000080003d0
 .igot.plt      0x0000000020000004        0x0 /home/atlas/Toolchains/gcc-arm-none-eabi-6-2017-q2-update/bin/../lib/gcc/arm-none-eabi/6.3.1/thumb/v6-m/crtbegin.o

.bss            0x0000000020000004        0x4 load address 0x00000000080003d0
                0x0000000020000004                . = ALIGN (0x4)
                0x0000000020000004                _sbss = .
                0x0000000020000004                _bss = .
 *(.bss)
 *(.bss.*)
 .bss.tick.5922
                0x0000000020000004        0x2 /tmp/ccyp2mu1.o
 *(COMMON)
                0x0000000020000008                . = ALIGN (0x4)
 *fill*         0x0000000020000006        0x2 
                0x0000000020000008                _ebss = .
                [!provide]                        PROVIDE (end, _ebss)
                [!provide]                        PROVIDE (_end, _ebss)
                0x0000000020000008                __exidx_start = .
                0x0000000020000008                __exidx_end = .

/DISCARD/
 libc.a(*)
 libm.a(*)
 libgcc.a(*)

.stab
 *(.stab)

.stabstr
 *(.stabstr)

.stab.excl
 *(.stab.excl)

.stab.exclstr
 *(.stab.exclstr)

.stab.index
 *(.stab.index)

.stab.indexstr
 *(.stab.indexstr)

.comment        0x0000000000000000       0x7f
 *(.comment)
 .comment       0x0000000000000000       0x7f /tmp/ccyp2mu1.o
                                         0x80 (size before relaxing)
 .comment       0x000000000000007f       0x80 /tmp/cchRsnYc.o

.ARM.attributes
                0x0000000000000000       0x28
 .ARM.attributes
                0x0000000000000000       0x1e /home/atlas/Toolchains/gcc-arm-none-eabi-6-2017-q2-update/bin/../lib/gcc/arm-none-eabi/6.3.1/thumb/v6-m/crti.o
 .ARM.attributes
                0x000000000000001e       0x31 /tmp/ccyp2mu1.o
 .ARM.attributes
                0x000000000000004f       0x31 /tmp/cchRsnYc.o
 .ARM.attributes
                0x0000000000000080       0x21 /tmp/ccTTk8so.o
 .ARM.attributes
                0x00000000000000a1       0x1e /home/atlas/Toolchains/gcc-arm-none-eabi-6-2017-q2-update/bin/../lib/gcc/arm-none-eabi/6.3.1/thumb/v6-m/libgcc.a(_udivsi3.o)
 .ARM.attributes
                0x00000000000000bf       0x1e /home/atlas/Toolchains/gcc-arm-none-eabi-6-2017-q2-update/bin/../lib/gcc/arm-none-eabi/6.3.1/thumb/v6-m/libgcc.a(_dvmd_tls.o)
 .ARM.attributes
                0x00000000000000dd       0x2c /home/atlas/Toolchains/gcc-arm-none-eabi-6-2017-q2-update/bin/../lib/gcc/arm-none-eabi/6.3.1/../../../../arm-none-eabi/lib/thumb/v6-m/libg.a(lib_a-init.o)
 .ARM.attributes
                0x0000000000000109       0x1e /home/atlas/Toolchains/gcc-arm-none-eabi-6-2017-q2-update/bin/../lib/gcc/arm-none-eabi/6.3.1/thumb/v6-m/crtn.o

.debug
 *(.debug)

.line
 *(.line)

.debug_srcinfo
 *(.debug_srcinfo)

.debug_sfnames
 *(.debug_sfnames)

.debug_aranges  0x0000000000000000       0x78
 *(.debug_aranges)
 .debug_aranges
                0x0000000000000000       0x28 /tmp/ccyp2mu1.o
 .debug_aranges
                0x0000000000000028       0x28 /tmp/cchRsnYc.o
 .debug_aranges
                0x0000000000000050       0x28 /tmp/ccTTk8so.o

.debug_pubnames
 *(.debug_pubnames)

.debug_info     0x0000000000000000      0x935
 *(.debug_info .gnu.linkonce.wi.*)
 .debug_info    0x0000000000000000      0x5c7 /tmp/ccyp2mu1.o
 .debug_info    0x00000000000005c7      0x2f4 /tmp/cchRsnYc.o
 .debug_info    0x00000000000008bb       0x7a /tmp/ccTTk8so.o

.debug_abbrev   0x0000000000000000      0x2e6
 *(.debug_abbrev)
 .debug_abbrev  0x0000000000000000      0x189 /tmp/ccyp2mu1.o
 .debug_abbrev  0x0000000000000189      0x14b /tmp/cchRsnYc.o
 .debug_abbrev  0x00000000000002d4       0x12 /tmp/ccTTk8so.o

.debug_line     0x0000000000000000      0x3e4
 *(.debug_line)
 .debug_line    0x0000000000000000      0x1ac /tmp/ccyp2mu1.o
 .debug_line    0x00000000000001ac      0x1bb /tmp/cchRsnYc.o
 .debug_line    0x0000000000000367       0x7d /tmp/ccTTk8so.o

.debug_frame    0x0000000000000000       0xcc
 *(.debug_frame)
 .debug_frame   0x0000000000000000       0x38 /tmp/ccyp2mu1.o
 .debug_frame   0x0000000000000038       0x48 /tmp/cchRsnYc.o
 .debug_frame   0x0000000000000080       0x20 /home/atlas/Toolchains/gcc-arm-none-eabi-6-2017-q2-update/bin/../lib/gcc/arm-none-eabi/6.3.1/thumb/v6-m/libgcc.a(_udivsi3.o)
 .debug_frame   0x00000000000000a0       0x2c /home/atlas/Toolchains/gcc-arm-none-eabi-6-2017-q2-update/bin/../lib/gcc/arm-none-eabi/6.3.1/../../../../arm-none-eabi/lib/thumb/v6-m/libg.a(lib_a-init.o)

.debug_str      0x0000000000000000      0x54e
 *(.debug_str)
 .debug_str     0x0000000000000000      0x495 /tmp/ccyp2mu1.o
                                        0x4e0 (size before relaxing)
 .debug_str     0x0000000000000495       0xb9 /tmp/cchRsnYc.o
                                        0x2b9 (size before relaxing)

.debug_loc      0x0000000000000000      0x147
 *(.debug_loc)
 .debug_loc     0x0000000000000000       0x59 /tmp/ccyp2mu1.o
 .debug_loc     0x0000000000000059       0xee /tmp/cchRsnYc.o

.debug_macinfo
 *(.debug_macinfo)

.debug_weaknames
 *(.debug_weaknames)

.debug_funcnames
 *(.debug_funcnames)

.debug_typenames
 *(.debug_typenames)

.debug_varnames
 *(.debug_varnames)
OUTPUT(main.elf elf32-littlearm)

.debug_ranges   0x0000000000000000       0x80
 .debug_ranges  0x0000000000000000       0x30 /tmp/ccyp2mu1.o
 .debug_ranges  0x0000000000000030       0x30 /tmp/cchRsnYc.o
 .debug_ranges  0x0000000000000060       0x20 /tmp/ccTTk8so.o
